default = "default"
default1 = "default1"
insensitive = %i"insensitive"
sensitive = %s"sensitive"
sensitive-nonalpha = %s"1-2!3~"
hex = %s"ABC"
dec = %d68.69.70
bin = %b110000.110001.110010
two-str = "1st2nd"
two-hex = %s"ABC"
two-bin = %b110000.110001.110010
str-hex = "default" %s"A"
mixed1 = "dflt2012 !ABCD" %s"defgAB"
dspace = %d32
mixed3 = "!AB"
mixed4 = %i"AB" %b1000011 %i"DE"
; default defined but not used
; default1 defined but not used
; insensitive defined but not used
; sensitive defined but not used
; sensitive-nonalpha defined but not used
; hex defined but not used
; dec defined but not used
; bin defined but not used
; two-str defined but not used
; two-hex defined but not used
; two-bin defined but not used
; str-hex defined but not used
; mixed1 defined but not used
; dspace defined but not used
; mixed3 defined but not used
; mixed4 defined but not used
